This is pdfTeX, Version 3.141592653-2.6-1.40.27 (TeX Live 2025) (preloaded format=pdflatex 2026.2.8)  12 FEB 2026 19:21
entering extended mode
 restricted \write18 enabled.
 file:line:error style messages enabled.
 %&-line parsing enabled.
**/Users/biru/Documents/TugasAkhir/main.tex
(/Users/biru/Documents/TugasAkhir/main.tex
LaTeX2e <2024-11-01> patch level 2
L3 programming layer <2025-01-18>
(/usr/local/texlive/2025/texmf-dist/tex/latex/base/article.cls
Document Class: article 2024/06/29 v1.4n Standard LaTeX document class
(/usr/local/texlive/2025/texmf-dist/tex/latex/base/size11.clo
File: size11.clo 2024/06/29 v1.4n Standard LaTeX file (size option)
)
\c@part=\count196
\c@section=\count197
\c@subsection=\count198
\c@subsubsection=\count199
\c@paragraph=\count266
\c@subparagraph=\count267
\c@figure=\count268
\c@table=\count269
\abovecaptionskip=\skip49
\belowcaptionskip=\skip50
\bibindent=\dimen141
) (/usr/local/texlive/2025/texmf-dist/tex/latex/amsmath/amsmath.sty
Package: amsmath 2024/11/05 v2.17t AMS math features
\@mathmargin=\skip51

For additional information on amsmath, use the `?' option.
(/usr/local/texlive/2025/texmf-dist/tex/latex/amsmath/amstext.sty
Package: amstext 2021/08/26 v2.01 AMS text
 (/usr/local/texlive/2025/texmf-dist/tex/latex/amsmath/amsgen.sty
File: amsgen.sty 1999/11/30 v2.0 generic functions
\@emptytoks=\toks17
\ex@=\dimen142
)) (/usr/local/texlive/2025/texmf-dist/tex/latex/amsmath/amsbsy.sty
Package: amsbsy 1999/11/29 v1.2d Bold Symbols
\pmbraise@=\dimen143
) (/usr/local/texlive/2025/texmf-dist/tex/latex/amsmath/amsopn.sty
Package: amsopn 2022/04/08 v2.04 operator names
)
\inf@bad=\count270
LaTeX Info: Redefining \frac on input line 233.
\uproot@=\count271
\leftroot@=\count272
LaTeX Info: Redefining \overline on input line 398.
LaTeX Info: Redefining \colon on input line 409.
\classnum@=\count273
\DOTSCASE@=\count274
LaTeX Info: Redefining \ldots on input line 495.
LaTeX Info: Redefining \dots on input line 498.
LaTeX Info: Redefining \cdots on input line 619.
\Mathstrutbox@=\box52
\strutbox@=\box53
LaTeX Info: Redefining \big on input line 721.
LaTeX Info: Redefining \Big on input line 722.
LaTeX Info: Redefining \bigg on input line 723.
LaTeX Info: Redefining \Bigg on input line 724.
\big@size=\dimen144
LaTeX Font Info:    Redeclaring font encoding OML on input line 742.
LaTeX Font Info:    Redeclaring font encoding OMS on input line 743.
\macc@depth=\count275
LaTeX Info: Redefining \bmod on input line 904.
LaTeX Info: Redefining \pmod on input line 909.
LaTeX Info: Redefining \smash on input line 939.
LaTeX Info: Redefining \relbar on input line 969.
LaTeX Info: Redefining \Relbar on input line 970.
\c@MaxMatrixCols=\count276
\dotsspace@=\muskip17
\c@parentequation=\count277
\dspbrk@lvl=\count278
\tag@help=\toks18
\row@=\count279
\column@=\count280
\maxfields@=\count281
\andhelp@=\toks19
\eqnshift@=\dimen145
\alignsep@=\dimen146
\tagshift@=\dimen147
\tagwidth@=\dimen148
\totwidth@=\dimen149
\lineht@=\dimen150
\@envbody=\toks20
\multlinegap=\skip52
\multlinetaggap=\skip53
\mathdisplay@stack=\toks21
LaTeX Info: Redefining \[ on input line 2953.
LaTeX Info: Redefining \] on input line 2954.
) (/usr/local/texlive/2025/texmf-dist/tex/latex/booktabs/booktabs.sty
Package: booktabs 2020/01/12 v1.61803398 Publication quality tables
\heavyrulewidth=\dimen151
\lightrulewidth=\dimen152
\cmidrulewidth=\dimen153
\belowrulesep=\dimen154
\belowbottomsep=\dimen155
\aboverulesep=\dimen156
\abovetopsep=\dimen157
\cmidrulesep=\dimen158
\cmidrulekern=\dimen159
\defaultaddspace=\dimen160
\@cmidla=\count282
\@cmidlb=\count283
\@aboverulesep=\dimen161
\@belowrulesep=\dimen162
\@thisruleclass=\count284
\@lastruleclass=\count285
\@thisrulewidth=\dimen163
) (/usr/local/texlive/2025/texmf-dist/tex/latex/graphics/graphicx.sty
Package: graphicx 2021/09/16 v1.2d Enhanced LaTeX Graphics (DPC,SPQR)
 (/usr/local/texlive/2025/texmf-dist/tex/latex/graphics/keyval.sty
Package: keyval 2022/05/29 v1.15 key=value parser (DPC)
\KV@toks@=\toks22
) (/usr/local/texlive/2025/texmf-dist/tex/latex/graphics/graphics.sty
Package: graphics 2024/08/06 v1.4g Standard LaTeX Graphics (DPC,SPQR)
 (/usr/local/texlive/2025/texmf-dist/tex/latex/graphics/trig.sty
Package: trig 2023/12/02 v1.11 sin cos tan (DPC)
) (/usr/local/texlive/2025/texmf-dist/tex/latex/graphics-cfg/graphics.cfg
File: graphics.cfg 2016/06/04 v1.11 sample graphics configuration
)
Package graphics Info: Driver file: pdftex.def on input line 106.
 (/usr/local/texlive/2025/texmf-dist/tex/latex/graphics-def/pdftex.def
File: pdftex.def 2024/04/13 v1.2c Graphics/color driver for pdftex
))
\Gin@req@height=\dimen164
\Gin@req@width=\dimen165
) (/usr/local/texlive/2025/texmf-dist/tex/latex/multirow/multirow.sty
Package: multirow 2024/11/12 v2.9 Span multiple rows of a table
\multirow@colwidth=\skip54
\multirow@cntb=\count286
\multirow@dima=\skip55
\bigstrutjot=\dimen166
) (/usr/local/texlive/2025/texmf-dist/tex/latex/algorithms/algorithmic.sty
Package: algorithmic 2009/08/24 v0.1 Document Style `algorithmic'
 (/usr/local/texlive/2025/texmf-dist/tex/latex/base/ifthen.sty
Package: ifthen 2024/03/16 v1.1e Standard LaTeX ifthen package (DPC)
)
\c@ALC@unique=\count287
\c@ALC@line=\count288
\c@ALC@rem=\count289
\c@ALC@depth=\count290
\ALC@tlm=\skip56
\algorithmicindent=\skip57
) (/usr/local/texlive/2025/texmf-dist/tex/latex/algorithms/algorithm.sty
Package: algorithm 2009/08/24 v0.1 Document Style `algorithm' - floating environment
 (/usr/local/texlive/2025/texmf-dist/tex/latex/float/float.sty
Package: float 2001/11/08 v1.3d Float enhancements (AL)
\c@float@type=\count291
\float@exts=\toks23
\float@box=\box54
\@float@everytoks=\toks24
\@floatcapt=\box55
)
\@float@every@algorithm=\toks25
\c@algorithm=\count292
) (/usr/local/texlive/2025/texmf-dist/tex/latex/biblatex/biblatex.sty
Package: biblatex 2024/03/21 v3.20 programmable bibliographies (PK/MW)
 (/usr/local/texlive/2025/texmf-dist/tex/generic/pdftexcmds/pdftexcmds.sty
Package: pdftexcmds 2020-06-27 v0.33 Utility functions of pdfTeX for LuaTeX (HO)
 (/usr/local/texlive/2025/texmf-dist/tex/generic/infwarerr/infwarerr.sty
Package: infwarerr 2019/12/03 v1.5 Providing info/warning/error messages (HO)
) (/usr/local/texlive/2025/texmf-dist/tex/generic/iftex/iftex.sty
Package: iftex 2024/12/12 v1.0g TeX engine tests
) (/usr/local/texlive/2025/texmf-dist/tex/generic/ltxcmds/ltxcmds.sty
Package: ltxcmds 2023-12-04 v1.26 LaTeX kernel commands for general use (HO)
)
Package pdftexcmds Info: \pdf@primitive is available.
Package pdftexcmds Info: \pdf@ifprimitive is available.
Package pdftexcmds Info: \pdfdraftmode found.
) (/usr/local/texlive/2025/texmf-dist/tex/latex/etoolbox/etoolbox.sty
Package: etoolbox 2025/02/11 v2.5l e-TeX tools for LaTeX (JAW)
\etb@tempcnta=\count293
) (/usr/local/texlive/2025/texmf-dist/tex/latex/kvoptions/kvoptions.sty
Package: kvoptions 2022-06-15 v3.15 Key value format for package options (HO)
 (/usr/local/texlive/2025/texmf-dist/tex/latex/kvsetkeys/kvsetkeys.sty
Package: kvsetkeys 2022-10-05 v1.19 Key value parser (HO)
)) (/usr/local/texlive/2025/texmf-dist/tex/latex/logreq/logreq.sty
Package: logreq 2010/08/04 v1.0 xml request logger
\lrq@indent=\count294
 (/usr/local/texlive/2025/texmf-dist/tex/latex/logreq/logreq.def
File: logreq.def 2010/08/04 v1.0 logreq spec v1.0
)) (/usr/local/texlive/2025/texmf-dist/tex/latex/url/url.sty
\Urlmuskip=\muskip18
Package: url 2013/09/16  ver 3.4  Verb mode for urls, etc.
)
\c@tabx@nest=\count295
\c@listtotal=\count296
\c@listcount=\count297
\c@liststart=\count298
\c@liststop=\count299
\c@citecount=\count300
\c@citetotal=\count301
\c@multicitecount=\count302
\c@multicitetotal=\count303
\c@instcount=\count304
\c@maxnames=\count305
\c@minnames=\count306
\c@maxitems=\count307
\c@minitems=\count308
\c@citecounter=\count309
\c@maxcitecounter=\count310
\c@savedcitecounter=\count311
\c@uniquelist=\count312
\c@uniquename=\count313
\c@refsection=\count314
\c@refsegment=\count315
\c@maxextratitle=\count316
\c@maxextratitleyear=\count317
\c@maxextraname=\count318
\c@maxextradate=\count319
\c@maxextraalpha=\count320
\c@abbrvpenalty=\count321
\c@highnamepenalty=\count322
\c@lownamepenalty=\count323
\c@maxparens=\count324
\c@parenlevel=\count325
\blx@tempcnta=\count326
\blx@tempcntb=\count327
\blx@tempcntc=\count328
\c@blx@maxsection=\count329
\blx@maxsegment@0=\count330
\blx@notetype=\count331
\blx@parenlevel@text=\count332
\blx@parenlevel@foot=\count333
\blx@sectionciteorder@0=\count334
\blx@sectionciteorderinternal@0=\count335
\blx@entrysetcounter=\count336
\blx@biblioinstance=\count337
\labelnumberwidth=\skip58
\labelalphawidth=\skip59
\biblabelsep=\skip60
\bibitemsep=\skip61
\bibnamesep=\skip62
\bibinitsep=\skip63
\bibparsep=\skip64
\bibhang=\skip65
\blx@bcfin=\read2
\blx@bcfout=\write3
\blx@langwohyphens=\language90
\c@mincomprange=\count338
\c@maxcomprange=\count339
\c@mincompwidth=\count340
Package biblatex Info: Trying to load biblatex default data model...
Package biblatex Info: ... file 'blx-dm.def' found.
 (/usr/local/texlive/2025/texmf-dist/tex/latex/biblatex/blx-dm.def
File: blx-dm.def 2024/03/21 v3.20 biblatex datamodel (PK/MW)
)
Package biblatex Info: Trying to load biblatex style data model...
Package biblatex Info: ... file 'apa.dbx' found.
 (/usr/local/texlive/2025/texmf-dist/tex/latex/biblatex-apa/apa.dbx
File: apa.dbx 2023/03/20 v9.17 APA biblatex style data model
)
Package biblatex Info: Trying to load biblatex custom data model...
Package biblatex Info: ... file 'biblatex-dm.cfg' not found.
\c@afterword=\count341
\c@savedafterword=\count342
\c@annotator=\count343
\c@savedannotator=\count344
\c@author=\count345
\c@savedauthor=\count346
\c@bookauthor=\count347
\c@savedbookauthor=\count348
\c@commentator=\count349
\c@savedcommentator=\count350
\c@editor=\count351
\c@savededitor=\count352
\c@editora=\count353
\c@savededitora=\count354
\c@editorb=\count355
\c@savededitorb=\count356
\c@editorc=\count357
\c@savededitorc=\count358
\c@foreword=\count359
\c@savedforeword=\count360
\c@holder=\count361
\c@savedholder=\count362
\c@introduction=\count363
\c@savedintroduction=\count364
\c@namea=\count365
\c@savednamea=\count366
\c@nameb=\count367
\c@savednameb=\count368
\c@namec=\count369
\c@savednamec=\count370
\c@translator=\count371
\c@savedtranslator=\count372
\c@shortauthor=\count373
\c@savedshortauthor=\count374
\c@shorteditor=\count375
\c@savedshorteditor=\count376
\c@narrator=\count377
\c@savednarrator=\count378
\c@execproducer=\count379
\c@savedexecproducer=\count380
\c@execdirector=\count381
\c@savedexecdirector=\count382
\c@with=\count383
\c@savedwith=\count384
\c@labelname=\count385
\c@savedlabelname=\count386
\c@institution=\count387
\c@savedinstitution=\count388
\c@lista=\count389
\c@savedlista=\count390
\c@listb=\count391
\c@savedlistb=\count392
\c@listc=\count393
\c@savedlistc=\count394
\c@listd=\count395
\c@savedlistd=\count396
\c@liste=\count397
\c@savedliste=\count398
\c@listf=\count399
\c@savedlistf=\count400
\c@location=\count401
\c@savedlocation=\count402
\c@organization=\count403
\c@savedorganization=\count404
\c@origlocation=\count405
\c@savedoriglocation=\count406
\c@origpublisher=\count407
\c@savedorigpublisher=\count408
\c@publisher=\count409
\c@savedpublisher=\count410
\c@language=\count411
\c@savedlanguage=\count412
\c@origlanguage=\count413
\c@savedoriglanguage=\count414
\c@citation=\count415
\c@savedcitation=\count416
\c@pageref=\count417
\c@savedpageref=\count418
\shorthandwidth=\skip66
\shortjournalwidth=\skip67
\shortserieswidth=\skip68
\shorttitlewidth=\skip69
\shortauthorwidth=\skip70
\shorteditorwidth=\skip71
\locallabelnumberwidth=\skip72
\locallabelalphawidth=\skip73
\localshorthandwidth=\skip74
\localshortjournalwidth=\skip75
\localshortserieswidth=\skip76
\localshorttitlewidth=\skip77
\localshortauthorwidth=\skip78
\localshorteditorwidth=\skip79
Package biblatex Info: Trying to load compatibility code...
Package biblatex Info: ... file 'blx-compat.def' found.
 (/usr/local/texlive/2025/texmf-dist/tex/latex/biblatex/blx-compat.def
File: blx-compat.def 2024/03/21 v3.20 biblatex compatibility (PK/MW)
)
Package biblatex Info: Trying to load generic definitions...
Package biblatex Info: ... file 'biblatex.def' found.
 (/usr/local/texlive/2025/texmf-dist/tex/latex/biblatex/biblatex.def
File: biblatex.def 2024/03/21 v3.20 biblatex compatibility (PK/MW)
\c@textcitecount=\count419
\c@textcitetotal=\count420
\c@textcitemaxnames=\count421
\c@biburlbigbreakpenalty=\count422
\c@biburlbreakpenalty=\count423
\c@biburlnumpenalty=\count424
\c@biburlucpenalty=\count425
\c@biburllcpenalty=\count426
\biburlbigskip=\muskip19
\biburlnumskip=\muskip20
\biburlucskip=\muskip21
\biburllcskip=\muskip22
\c@smartand=\count427
)
Package biblatex Info: Trying to load bibliography style 'apa'...
Package biblatex Info: ... file 'apa.bbx' found.
 (/usr/local/texlive/2025/texmf-dist/tex/latex/biblatex-apa/apa.bbx
File: apa.bbx 2023/03/20 v9.17 APA biblatex references style
Package biblatex Info: Trying to load bibliography style 'standard'...
Package biblatex Info: ... file 'standard.bbx' found.
 (/usr/local/texlive/2025/texmf-dist/tex/latex/biblatex/bbx/standard.bbx
File: standard.bbx 2024/03/21 v3.20 biblatex bibliography style (PK/MW)
\c@bbx:relatedcount=\count428
\c@bbx:relatedtotal=\count429
)
Package biblatex Info: Delimiter 'nameyeardelim' in context 'bib' already defined, overwriting.
Package biblatex Info: Delimiter 'nameyeardelim' in context 'biblist' already defined, overwriting.
Package biblatex Info: Delimiter 'nonameyeardelim' in context 'bib' already defined, overwriting.
Package biblatex Info: Delimiter 'nonameyeardelim' in context 'biblist' already defined, overwriting.
)
Package biblatex Info: Trying to load citation style 'apa'...
Package biblatex Info: ... file 'apa.cbx' found.
 (/usr/local/texlive/2025/texmf-dist/tex/latex/biblatex-apa/apa.cbx
File: apa.cbx 2023/03/20 v9.17 APA biblatex citation style
Package biblatex Info: Delimiter 'nameyeardelim' in context '' already defined, overwriting.
Package biblatex Info: Delimiter 'andothersdelim' in context '' already defined, overwriting.
Package biblatex Info: Redefining '\fullcite'.
Package biblatex Info: Redefining '\citeauthor'.
Package biblatex Info: Redefining '\citeyear'.
Package biblatex Info: Redefining '\cite'.
Package biblatex Info: Redefining '\cites'.
Package biblatex Info: Redefining '\parencite'.
Package biblatex Info: Redefining '\parencites'.
Package biblatex Info: Redefining '\footcite'.
Package biblatex Info: Redefining '\footcites'.
Package biblatex Info: Redefining '\footcitetext'.
Package biblatex Info: Redefining '\footcitetexts'.
Package biblatex Info: Redefining '\smartcite'.
Package biblatex Info: Redefining '\smartcites'.
Package biblatex Info: Redefining '\textcite'.
Package biblatex Info: Redefining '\textcites'.
)
Package biblatex Info: Trying to load configuration file...
Package biblatex Info: ... file 'biblatex.cfg' found.
 (/usr/local/texlive/2025/texmf-dist/tex/latex/biblatex/biblatex.cfg
File: biblatex.cfg 
)
Package biblatex Info: Input encoding 'utf8' detected.
Package biblatex Info: Document encoding is UTF8 ....
 (/usr/local/texlive/2025/texmf-dist/tex/latex/l3kernel/expl3.sty
Package: expl3 2025-01-18 L3 programming layer (loader) 
 (/usr/local/texlive/2025/texmf-dist/tex/latex/l3backend/l3backend-pdftex.def
File: l3backend-pdftex.def 2024-05-08 L3 backend support: PDF output (pdfTeX)
\l__color_backend_stack_int=\count430
\l__pdf_internal_box=\box56
))
Package biblatex Info: ... and expl3
(biblatex)             2025-01-18 L3 programming layer (loader) 
(biblatex)             is new enough (at least 2020/04/06),
(biblatex)             setting 'casechanger=expl3'.
 (/usr/local/texlive/2025/texmf-dist/tex/latex/biblatex/blx-case-expl3.sty (/usr/local/texlive/2025/texmf-dist/tex/latex/l3packages/xparse/xparse.sty
Package: xparse 2024-08-16 L3 Experimental document command parser
)
Package: blx-case-expl3 2024/03/21 v3.20 expl3 case changing code for biblatex
))
\@quotelevel=\count431
\@quotereset=\count432
 (./main.aux)
\openout1 = `main.aux'.

LaTeX Font Info:    Checking defaults for OML/cmm/m/it on input line 16.
LaTeX Font Info:    ... okay on input line 16.
LaTeX Font Info:    Checking defaults for OMS/cmsy/m/n on input line 16.
LaTeX Font Info:    ... okay on input line 16.
LaTeX Font Info:    Checking defaults for OT1/cmr/m/n on input line 16.
LaTeX Font Info:    ... okay on input line 16.
LaTeX Font Info:    Checking defaults for T1/cmr/m/n on input line 16.
LaTeX Font Info:    ... okay on input line 16.
LaTeX Font Info:    Checking defaults for TS1/cmr/m/n on input line 16.
LaTeX Font Info:    ... okay on input line 16.
LaTeX Font Info:    Checking defaults for OMX/cmex/m/n on input line 16.
LaTeX Font Info:    ... okay on input line 16.
LaTeX Font Info:    Checking defaults for U/cmr/m/n on input line 16.
LaTeX Font Info:    ... okay on input line 16.
 (/usr/local/texlive/2025/texmf-dist/tex/context/base/mkii/supp-pdf.mkii
[Loading MPS to PDF converter (version 2006.09.02).]
\scratchcounter=\count433
\scratchdimen=\dimen167
\scratchbox=\box57
\nofMPsegments=\count434
\nofMParguments=\count435
\everyMPshowfont=\toks26
\MPscratchCnt=\count436
\MPscratchDim=\dimen168
\MPnumerator=\count437
\makeMPintoPDFobject=\count438
\everyMPtoPDFconversion=\toks27
) (/usr/local/texlive/2025/texmf-dist/tex/latex/epstopdf-pkg/epstopdf-base.sty
Package: epstopdf-base 2020-01-24 v2.11 Base part for package epstopdf
Package epstopdf-base Info: Redefining graphics rule for `.eps' on input line 485.
 (/usr/local/texlive/2025/texmf-dist/tex/latex/latexconfig/epstopdf-sys.cfg
File: epstopdf-sys.cfg 2010/07/13 v1.3 Configuration of (r)epstopdf for TeX Live
))
Package biblatex Info: Trying to load language 'english' -> 'english-apa'...
Package biblatex Info: ... file 'english-apa.lbx' found.
 (/usr/local/texlive/2025/texmf-dist/tex/latex/biblatex-apa/english-apa.lbx
File: english-apa.lbx 2023/03/20 v9.17 APA biblatex localisation
Package biblatex Info: Trying to load language 'english'...
Package biblatex Info: ... file 'english.lbx' found.
 (/usr/local/texlive/2025/texmf-dist/tex/latex/biblatex/lbx/english.lbx
File: english.lbx 2024/03/21 v3.20 biblatex localization (PK/MW)
)
Package biblatex Info: Trying to load language 'american' -> 'american-apa'...
Package biblatex Info: ... file 'american-apa.lbx' found.
 (/usr/local/texlive/2025/texmf-dist/tex/latex/biblatex-apa/american-apa.lbx
File: american-apa.lbx 2023/03/20 v9.17 APA biblatex localisation
Package biblatex Info: Trying to load language 'american'...
Package biblatex Info: ... file 'american.lbx' found.
 (/usr/local/texlive/2025/texmf-dist/tex/latex/biblatex/lbx/american.lbx
File: american.lbx 2024/03/21 v3.20 biblatex localization (PK/MW)
Package biblatex Info: Trying to load language 'english'...
Package biblatex Info: ... file 'english.lbx' found.
 (/usr/local/texlive/2025/texmf-dist/tex/latex/biblatex/lbx/english.lbx
File: english.lbx 2024/03/21 v3.20 biblatex localization (PK/MW)
))))
Package biblatex Info: Input encoding 'utf8' detected.
Package biblatex Info: Automatic encoding selection.
(biblatex)             Assuming data encoding 'utf8'.
\openout3 = `main.bcf'.

Package biblatex Info: Trying to load bibliographic data...
Package biblatex Info: ... file 'main.bbl' not found.

No file main.bbl.
Package biblatex Info: Reference section=0 on input line 16.
Package biblatex Info: Reference segment=0 on input line 16.
(./chapter_arm_cortex_complete.tex
Overfull \hbox (24.9547pt too wide) in paragraph at lines 15--16
\OT1/cmr/m/it/10.95 ma-chine learn-ing \OT1/cmr/m/n/10.95 tanpa kuan-ti-sasi, se-hingga menghi-langkan risiko degradasi
 []


Overfull \hbox (21.05417pt too wide) in paragraph at lines 17--18
\OT1/cmr/m/n/10.95 (\OT1/cmr/m/it/10.95 Low-Energy Adap-tive Clus-ter-ing Hi-er-ar-chy\OT1/cmr/m/n/10.95 ), se-tiap node sen-sor berpotensi
 []


Overfull \hbox (3.99448pt too wide) in paragraph at lines 19--20
[]\OT1/cmr/bx/n/10.95 Kapasitas Mem-ori yang Memadai\OT1/cmr/m/n/10.95 : Den-gan 1 MB \OT1/cmr/m/it/10.95 flash \OT1/cmr/m/n/10.95 dan 256 KB
 []



[1

{/usr/local/texlive/2025/texmf-var/fonts/map/pdftex/updmap/pdftex.map}]
Overfull \hbox (20.94258pt too wide) in paragraph at lines 62--63
[]\OT1/cmr/bx/n/10.95 Histogram Gra-di-ent Boost-ing \OT1/cmr/m/n/10.95 (HistGB): 66 it-erasi (dari \OT1/cmtt/m/n/10.95 max[]iter\OT1/cmr/m/n/10.95 =100
 []



[2]

[3]
Overfull \hbox (3.71117pt too wide) in paragraph at lines 107--108
[]\OT1/cmr/bx/n/10.95 Akses Mem-ori Terse-ja-jarkan\OT1/cmr/m/n/10.95 : Uku-ran 12 byte (ke-li-patan 4) memas-
 []


Overfull \hbox (3.89711pt too wide) in paragraph at lines 122--123
 \OT1/cmr/bx/n/10.95 Strategi Pen-car-ian[] \OT1/cmr/m/n/10.95 Pen-car-ian kon-fig-urasi op-ti-mal dibedakan berdasarkan
 []



[4{/usr/local/texlive/2025/texmf-dist/fonts/enc/dvips/cm-super/cm-super-ts1.enc}]
Overfull \hbox (81.07675pt too wide) in paragraph at lines 145--156
 [][] 
 []


Overfull \hbox (8.89087pt too wide) in paragraph at lines 158--159
[]\OT1/cmr/m/n/10.95 Tabel 4[] me-nun-jukkan ek-splo-rasi pen-car-ian yang lebih rinci un-tuk mengilus-
 []


Overfull \hbox (80.7206pt too wide) in paragraph at lines 164--193
 [][] 
 []


Overfull \hbox (7.68727pt too wide) in paragraph at lines 200--201
\OT1/cmr/m/n/10.95 berku-rangnya kedala-man, na-mun degradasinya lebih mod-erat ($^^A\OML/cmm/m/it/10.95 F\OT1/cmr/m/n/10.95 1[] =
 []



[5]
Overfull \hbox (12.44708pt too wide) in paragraph at lines 204--205
[]\OT1/cmr/bx/n/10.95 HistGradient Boost-ing\OT1/cmr/m/n/10.95 : Model ini men-ca-pai kon-fig-urasi pal-ing ringkas
 []


Overfull \hbox (3.06238pt too wide) in paragraph at lines 204--205
\OT1/cmr/m/n/10.95 (36,3 KB) den-gan $^^A\OML/cmm/m/it/10.95 F\OT1/cmr/m/n/10.95 1[] = +0[]001$ --- kual-i-tas jus-tru sedikit \OT1/cmr/m/it/10.95 meningkat
 []


Overfull \hbox (11.83842pt too wide) in paragraph at lines 213--214
 \OT1/cmr/bx/n/10.95 Metodologi Eval-u-asi Kual-i-tas[] \OT1/cmr/m/n/10.95 Un-tuk se-tiap model, diband-ingkan prediksi
 []



[6]
Overfull \hbox (137.43298pt too wide) in paragraph at lines 231--241
 [][] 
 []


Overfull \hbox (88.21529pt too wide) in paragraph at lines 251--272
 [][] 
 []



[7]
Overfull \hbox (7.49838pt too wide) in paragraph at lines 283--284
\OT1/cmr/m/n/10.95 +0[]003$). Pen-ingkatan pal-ing sig-nifikan pada ke-las TDMA ($\OML/cmm/m/it/10.95 F\OT1/cmr/m/n/10.95 1 : 0[]913 \OMS/cmsy/m/n/10.95 !
 []



[8]
LaTeX Font Info:    Trying to load font information for OMS+cmr on input line 321.
 (/usr/local/texlive/2025/texmf-dist/tex/latex/base/omscmr.fd
File: omscmr.fd 2024/11/19 v2.5n Standard LaTeX font definitions
)
LaTeX Font Info:    Font shape `OMS/cmr/m/n' in size <10.95> not available
(Font)              Font shape `OMS/cmsy/m/n' tried instead on input line 321.

Overfull \hbox (13.6647pt too wide) in paragraph at lines 365--365
[]    \OT1/cmtt/m/n/10.95 -mfloat-abi=hard -O2 -ffreestanding -nostdlib -nostartfiles \[] 
 []



[9]

[10]
Overfull \hbox (26.87607pt too wide) in paragraph at lines 385--386
[]\OT1/cmr/bx/n/10.95 Identifikasi \OT1/cmr/bx/it/10.95 in-ner loop\OT1/cmr/m/n/10.95 : Dari kelu-aran \OT1/cmr/m/it/10.95 ob-j-dump\OT1/cmr/m/n/10.95 , fungsi \OT1/cmtt/m/n/10.95 ensemble[]predict
 []



[11]
Overfull \hbox (4.30794pt too wide) in paragraph at lines 403--404
[]\OT1/cmr/bx/n/10.95 Pemetaan in-struksi ke sik-lus\OT1/cmr/m/n/10.95 : Se-tiap in-struksi dalam \OT1/cmr/m/it/10.95 loop \OT1/cmr/m/n/10.95 dipetakan
 []


Overfull \hbox (70.8924pt too wide) in paragraph at lines 409--429
 [][] 
 []


Overfull \hbox (6.16222pt too wide) in paragraph at lines 431--432
[]\OT1/cmr/m/it/10.95 Catatan\OT1/cmr/m/n/10.95 : In-struksi \OT1/cmtt/m/n/10.95 ITE \OT1/cmr/m/n/10.95 (\OT1/cmr/m/it/10.95 If-Then-Else\OT1/cmr/m/n/10.95 ) pada ar-sitek-tur Thumb-2 memer-
 []



[12]

[13]
Overfull \hbox (7.68771pt too wide) in paragraph at lines 496--497
\OT1/cmr/m/n/10.95 pemetaan lang-sung se-tiap in-struksi ke latensi sik-lus berdasarkan \OT1/cmr/m/it/10.95 ARM Cortex-
 []



[14]
Overfull \hbox (4.65404pt too wide) in paragraph at lines 500--501
 \OT1/cmr/bx/n/10.95 Model Es-ti-masi Sik-lus To-tal[] \OT1/cmr/m/n/10.95 To-tal sik-lus in-fer-ensi di-hi-tung berdasarkan: 
 []


Overfull \hbox (14.4987pt too wide) detected at line 504
[]\OML/cmm/m/it/10.95 C[] \OT1/cmr/m/n/10.95 = \OML/cmm/m/it/10.95 C[] \OT1/cmr/m/n/10.95 + \OML/cmm/m/it/10.95 N[] \OMS/cmsy/m/n/10.95 ^^B \OT1/cmr/m/n/10.95 (\OML/cmm/m/it/10.95 C[] \OT1/cmr/m/n/10.95 + \OML/cmm/m/it/10.95 d[] \OMS/cmsy/m/n/10.95 ^^B \OML/cmm/m/it/10.95 C[] \OT1/cmr/m/n/10.95 + \OML/cmm/m/it/10.95 C[]\OT1/cmr/m/n/10.95 ) + \OML/cmm/m/it/10.95 C[]
 []


Overfull \hbox (86.10959pt too wide) in paragraph at lines 530--541
 [][] 
 []



[15]
Overfull \hbox (179.73059pt too wide) in paragraph at lines 557--571
 [][] 
 []



[16]
Overfull \hbox (14.4987pt too wide) detected at line 584
[]\OML/cmm/m/it/10.95 C[] \OT1/cmr/m/n/10.95 = \OML/cmm/m/it/10.95 C[] \OT1/cmr/m/n/10.95 + \OML/cmm/m/it/10.95 N[] \OMS/cmsy/m/n/10.95 ^^B \OT1/cmr/m/n/10.95 (\OML/cmm/m/it/10.95 C[] \OT1/cmr/m/n/10.95 + \OML/cmm/m/it/10.95 d[] \OMS/cmsy/m/n/10.95 ^^B \OML/cmm/m/it/10.95 C[] \OT1/cmr/m/n/10.95 + \OML/cmm/m/it/10.95 C[]\OT1/cmr/m/n/10.95 ) + \OML/cmm/m/it/10.95 C[]
 []



[17]
Overfull \hbox (66.41943pt too wide) in paragraph at lines 641--652
 [][] 
 []



[18]
Overfull \hbox (22.55098pt too wide) in paragraph at lines 658--659
\OT1/cmr/m/n/10.95 Konsumsi en-ergi per in-fer-ensi di-hi-tung berdasarkan karak-ter-is-tik daya nRF52840: 
 []


Overfull \hbox (1.58145pt too wide) in paragraph at lines 688--689
\OT1/cmr/m/n/10.95 Dalam pro-tokol LEACH, se-lama fase \OT1/cmr/m/it/10.95 steady-state \OT1/cmr/m/n/10.95 ($\OMS/cmsy/m/n/10.95 ^^Y$\OT1/cmr/m/n/10.95 18--19 de-tik), CH mener-
 []



[19]
Overfull \hbox (29.99292pt too wide) in paragraph at lines 706--707
\OMS/cmsy/m/n/10.95 ^^@\OT1/cmr/m/n/10.95 0[]029$). Meskipun tidak memenuhi am-bang batas ke-tat $\OMS/cmsy/m/n/10.95 ^^@\OT1/cmr/m/n/10.95 0[]01$, degradasinya
 []



[20]
Overfull \hbox (5.79517pt too wide) in paragraph at lines 718--719
[]\OT1/cmr/bx/n/10.95 Reduksi \OT1/cmr/bx/it/10.95 stage \OT1/cmr/bx/n/10.95 vs. pe-mo-ton-gan kedala-man\OT1/cmr/m/n/10.95 : Model \OT1/cmr/m/it/10.95 boost-ing \OT1/cmr/m/n/10.95 memu-
 []


Overfull \hbox (0.75768pt too wide) in paragraph at lines 725--726
\OT1/cmr/m/n/10.95 Penggunaan rep-re-sen-tasi \OT1/cmr/m/it/10.95 float32 \OT1/cmr/m/n/10.95 na-tive pada ARM Cortex-M4F mem-berikan
 []



[21]
Overfull \hbox (7.82811pt too wide) in paragraph at lines 742--743
\OT1/cmr/m/n/10.95 hanya meng-gu-nakan 36,3 KB (3,6% flash), meny-isakan lebih dari 960 KB
 []


Overfull \hbox (9.66145pt too wide) in paragraph at lines 762--763
\OT1/cmr/m/n/10.95 anal-i-sis \OT1/cmr/m/it/10.95 dis-as-sem-bly \OT1/cmr/m/n/10.95 (15 sik-lus/node), bukan pen-guku-ran lang-sung meng-
 []



[22]
Overfull \hbox (3.72932pt too wide) in paragraph at lines 768--769
\OT1/cmr/m/n/10.95 data (\OT1/cmr/m/it/10.95 test set \OT1/cmr/m/n/10.95 tetap). Vari-asi latensi ak-i-bat dis-tribusi data yang berbeda
 []


Overfull \hbox (33.7202pt too wide) in paragraph at lines 777--788
 [][] 
 []


Overfull \hbox (19.7185pt too wide) in paragraph at lines 793--794
\OT1/cmr/m/n/10.95 den-gan latensi 132--258 $\OML/cmm/m/it/10.95 ^^V$\OT1/cmr/m/n/10.95 s tanpa kuan-ti-sasi, me-man-faatkan FPU perangkat
 []



[23]
Overfull \hbox (1.2593pt too wide) in paragraph at lines 801--802
[]\OT1/cmr/m/n/10.95 Throughput in-fer-ensi (3.878--7.607 in-fer-ensi/detik) melebihi ke-bu-tuhan
 []

)

[24] (./main.aux)
 ***********
LaTeX2e <2024-11-01> patch level 2
L3 programming layer <2025-01-18>
 ***********
Package logreq Info: Writing requests to 'main.run.xml'.
\openout1 = `main.run.xml'.

 ) 
Here is how much of TeX's memory you used:
 11265 strings out of 473190
 211450 string characters out of 5715801
 1152343 words of memory out of 5000000
 34400 multiletter control sequences out of 15000+600000
 567920 words of font info for 68 fonts, out of 8000000 for 9000
 1141 hyphenation exceptions out of 8191
 66i,12n,81p,804b,5052s stack positions out of 10000i,1000n,20000p,200000b,200000s
</usr/local/texlive/2025/texmf-dist/fonts/type1/public/amsfonts/cm/cmbx10.pfb></usr/local/texlive/2025/texmf-dist/fonts/type1/public/amsfonts/cm/cmbx12.pfb></usr/local/texlive/2025/texmf-dist/fonts/type1/public/amsfonts/cm/cmbx8.pfb></usr/local/texlive/2025/texmf-dist/fonts/type1/public/amsfonts/cm/cmbxti10.pfb></usr/local/texlive/2025/texmf-dist/fonts/type1/public/amsfonts/cm/cmmi10.pfb></usr/local/texlive/2025/texmf-dist/fonts/type1/public/amsfonts/cm/cmmi6.pfb></usr/local/texlive/2025/texmf-dist/fonts/type1/public/amsfonts/cm/cmmi8.pfb></usr/local/texlive/2025/texmf-dist/fonts/type1/public/amsfonts/cm/cmmi9.pfb></usr/local/texlive/2025/texmf-dist/fonts/type1/public/amsfonts/cm/cmr10.pfb></usr/local/texlive/2025/texmf-dist/fonts/type1/public/amsfonts/cm/cmr6.pfb></usr/local/texlive/2025/texmf-dist/fonts/type1/public/amsfonts/cm/cmr8.pfb></usr/local/texlive/2025/texmf-dist/fonts/type1/public/amsfonts/cm/cmr9.pfb></usr/local/texlive/2025/texmf-dist/fonts/type1/public/amsfonts/cm/cmsy10.pfb></usr/local/texlive/2025/texmf-dist/fonts/type1/public/amsfonts/cm/cmsy6.pfb></usr/local/texlive/2025/texmf-dist/fonts/type1/public/amsfonts/cm/cmsy8.pfb></usr/local/texlive/2025/texmf-dist/fonts/type1/public/amsfonts/cm/cmsy9.pfb></usr/local/texlive/2025/texmf-dist/fonts/type1/public/amsfonts/cm/cmti10.pfb></usr/local/texlive/2025/texmf-dist/fonts/type1/public/amsfonts/cm/cmtt10.pfb></usr/local/texlive/2025/texmf-dist/fonts/type1/public/cm-super/sfrm1095.pfb>
Output written on main.pdf (24 pages, 300004 bytes).
PDF statistics:
 178 PDF objects out of 1000 (max. 8388607)
 112 compressed objects within 2 object streams
 0 named destinations out of 1000 (max. 500000)
 1 words of extra memory for PDF output out of 10000 (max. 10000000)

