
Discarded input sections

 .text          0x00000000        0x0 main.o
 .data          0x00000000        0x0 main.o
 .bss           0x00000000        0x0 main.o
 .text          0x00000000        0x0 inference.o
 .data          0x00000000        0x0 inference.o
 .bss           0x00000000        0x0 inference.o
 .text.tree_predict
                0x00000000       0x3c inference.o
 .text.benchmark_inference
                0x00000000       0x38 inference.o

Memory Configuration

Name             Origin             Length             Attributes
FLASH            0x00000000         0x00100000         xr
RAM              0x20000000         0x00040000         xrw
*default*        0x00000000         0xffffffff

Linker script and memory map

LOAD /opt/homebrew/Cellar/arm-none-eabi-gcc/15.2.0/lib/gcc/arm-none-eabi/15.2.0/thumb/v7e-m+fp/hard/libgcc.a
LOAD main.o
LOAD inference.o

.text           0x00000000    0x9aaf8
 *(.isr_vector)
 *(.text*)
 .text.startup.main
                0x00000000       0xb4 main.o
                0x00000000                main
 .text.ensemble_predict
                0x000000b4       0xac inference.o
                0x000000b4                ensemble_predict
 *(.rodata*)
 .rodata.test_features
                0x00000160      0x140 main.o
 .rodata.all_trees
                0x000002a0      0x190 inference.o
 .rodata.tree_99
                0x00000430     0x17f4 inference.o
 .rodata.tree_98
                0x00001c24     0x16d4 inference.o
 .rodata.tree_97
                0x000032f8     0x23dc inference.o
 .rodata.tree_96
                0x000056d4     0x18e4 inference.o
 .rodata.tree_95
                0x00006fb8     0x12b4 inference.o
 .rodata.tree_94
                0x0000826c     0x15e4 inference.o
 .rodata.tree_93
                0x00009850     0x129c inference.o
 .rodata.tree_92
                0x0000aaec     0x165c inference.o
 .rodata.tree_91
                0x0000c148     0x11f4 inference.o
 .rodata.tree_90
                0x0000d33c     0x1284 inference.o
 .rodata.tree_89
                0x0000e5c0     0x1b24 inference.o
 .rodata.tree_88
                0x000100e4     0x2034 inference.o
 .rodata.tree_87
                0x00012118     0x17c4 inference.o
 .rodata.tree_86
                0x000138dc     0x1764 inference.o
 .rodata.tree_85
                0x00015040     0x183c inference.o
 .rodata.tree_84
                0x0001687c     0x1494 inference.o
 .rodata.tree_83
                0x00017d10     0x1d64 inference.o
 .rodata.tree_82
                0x00019a74     0x1824 inference.o
 .rodata.tree_81
                0x0001b298     0x1b9c inference.o
 .rodata.tree_80
                0x0001ce34     0x15cc inference.o
 .rodata.tree_79
                0x0001e400     0x16a4 inference.o
 .rodata.tree_78
                0x0001faa4     0x1974 inference.o
 .rodata.tree_77
                0x00021418      0xe34 inference.o
 .rodata.tree_76
                0x0002224c     0x171c inference.o
 .rodata.tree_75
                0x00023968     0x22d4 inference.o
 .rodata.tree_74
                0x00025c3c     0x1cbc inference.o
 .rodata.tree_73
                0x000278f8     0x12cc inference.o
 .rodata.tree_72
                0x00028bc4     0x1a64 inference.o
 .rodata.tree_71
                0x0002a628     0x207c inference.o
 .rodata.tree_70
                0x0002c6a4     0x186c inference.o
 .rodata.tree_69
                0x0002df10     0x1434 inference.o
 .rodata.tree_68
                0x0002f344     0x1344 inference.o
 .rodata.tree_67
                0x00030688     0x1c8c inference.o
 .rodata.tree_66
                0x00032314     0x1044 inference.o
 .rodata.tree_65
                0x00033358     0x1704 inference.o
 .rodata.tree_64
                0x00034a5c     0x1704 inference.o
 .rodata.tree_63
                0x00036160     0x1adc inference.o
 .rodata.tree_62
                0x00037c3c     0x159c inference.o
 .rodata.tree_61
                0x000391d8     0x1be4 inference.o
 .rodata.tree_60
                0x0003adbc     0x1b3c inference.o
 .rodata.tree_59
                0x0003c8f8     0x1b84 inference.o
 .rodata.tree_58
                0x0003e47c     0x1794 inference.o
 .rodata.tree_57
                0x0003fc10     0x249c inference.o
 .rodata.tree_56
                0x000420ac     0x1e0c inference.o
 .rodata.tree_55
                0x00043eb8     0x18fc inference.o
 .rodata.tree_54
                0x000457b4     0x1b6c inference.o
 .rodata.tree_53
                0x00047320     0x14f4 inference.o
 .rodata.tree_52
                0x00048814     0x1a4c inference.o
 .rodata.tree_51
                0x0004a260     0x1df4 inference.o
 .rodata.tree_50
                0x0004c054     0x14ac inference.o
 .rodata.tree_49
                0x0004d500     0x15cc inference.o
 .rodata.tree_48
                0x0004eacc     0x1e24 inference.o
 .rodata.tree_47
                0x000508f0     0x1614 inference.o
 .rodata.tree_46
                0x00051f04     0x1434 inference.o
 .rodata.tree_45
                0x00053338     0x1584 inference.o
 .rodata.tree_44
                0x000548bc     0x1b3c inference.o
 .rodata.tree_43
                0x000563f8     0x16bc inference.o
 .rodata.tree_42
                0x00057ab4     0x165c inference.o
 .rodata.tree_41
                0x00059110     0x1c2c inference.o
 .rodata.tree_40
                0x0005ad3c     0x17f4 inference.o
 .rodata.tree_39
                0x0005c530     0x159c inference.o
 .rodata.tree_38
                0x0005dacc     0x1884 inference.o
 .rodata.tree_37
                0x0005f350     0x177c inference.o
 .rodata.tree_36
                0x00060acc     0x1e3c inference.o
 .rodata.tree_35
                0x00062908     0x183c inference.o
 .rodata.tree_34
                0x00064144     0x1c8c inference.o
 .rodata.tree_33
                0x00065dd0     0x1d4c inference.o
 .rodata.tree_32
                0x00067b1c     0x1164 inference.o
 .rodata.tree_31
                0x00068c80     0x1224 inference.o
 .rodata.tree_30
                0x00069ea4     0x18fc inference.o
 .rodata.tree_29
                0x0006b7a0     0x1a64 inference.o
 .rodata.tree_28
                0x0006d204     0x114c inference.o
 .rodata.tree_27
                0x0006e350     0x11dc inference.o
 .rodata.tree_26
                0x0006f52c     0x20c4 inference.o
 .rodata.tree_25
                0x000715f0     0x15b4 inference.o
 .rodata.tree_24
                0x00072ba4     0x174c inference.o
 .rodata.tree_23
                0x000742f0     0x1fec inference.o
 .rodata.tree_22
                0x000762dc     0x1adc inference.o
 .rodata.tree_21
                0x00077db8     0x1b3c inference.o
 .rodata.tree_20
                0x000798f4     0x1f14 inference.o
 .rodata.tree_19
                0x0007b808     0x18cc inference.o
 .rodata.tree_18
                0x0007d0d4     0x189c inference.o
 .rodata.tree_17
                0x0007e970     0x17dc inference.o
 .rodata.tree_16
                0x0008014c     0x1764 inference.o
 .rodata.tree_15
                0x000818b0     0x16a4 inference.o
 .rodata.tree_14
                0x00082f54     0x1ca4 inference.o
 .rodata.tree_13
                0x00084bf8     0x17c4 inference.o
 .rodata.tree_12
                0x000863bc     0x153c inference.o
 .rodata.tree_11
                0x000878f8     0x1d7c inference.o
 .rodata.tree_10
                0x00089674     0x180c inference.o
 .rodata.tree_9
                0x0008ae80     0x1fd4 inference.o
 .rodata.tree_8
                0x0008ce54     0x1884 inference.o
 .rodata.tree_7
                0x0008e6d8     0x186c inference.o
 .rodata.tree_6
                0x0008ff44     0x1c5c inference.o
 .rodata.tree_5
                0x00091ba0     0x156c inference.o
 .rodata.tree_4
                0x0009310c     0x14f4 inference.o
 .rodata.tree_3
                0x00094600     0x1164 inference.o
 .rodata.tree_2
                0x00095764     0x2154 inference.o
 .rodata.tree_1
                0x000978b8     0x1a94 inference.o
 .rodata.tree_0
                0x0009934c     0x17ac inference.o
                0x0009aaf8                        . = ALIGN (0x4)
                0x0009aaf8                        _etext = .

.glue_7         0x0009aaf8        0x0
 .glue_7        0x0009aaf8        0x0 linker stubs

.glue_7t        0x0009aaf8        0x0
 .glue_7t       0x0009aaf8        0x0 linker stubs

.vfp11_veneer   0x0009aaf8        0x0
 .vfp11_veneer  0x0009aaf8        0x0 linker stubs

.v4_bx          0x0009aaf8        0x0
 .v4_bx         0x0009aaf8        0x0 linker stubs

.iplt           0x0009aaf8        0x0
 .iplt          0x0009aaf8        0x0 main.o

.rel.dyn        0x0009aaf8        0x0
 .rel.iplt      0x0009aaf8        0x0 main.o

.data           0x20000000        0x0 load address 0x0009aaf8
                0x20000000                        _sdata = .
 *(.data*)
                0x20000000                        . = ALIGN (0x4)
                0x20000000                        _edata = .

.igot.plt       0x20000000        0x0
 .igot.plt      0x20000000        0x0 main.o

.bss            0x20000000       0x1c
                0x20000000                        _sbss = .
 *(.bss*)
 .bss.predictions
                0x20000000        0x5 main.o
 *fill*         0x20000005        0x3 
 .bss.cycle_counts
                0x20000008       0x14 main.o
 *(COMMON)
                0x2000001c                        . = ALIGN (0x4)
                0x2000001c                        _ebss = .
                0x20040000                        _estack = (ORIGIN (RAM) + LENGTH (RAM))
                0x00000000                        PROVIDE (Reset_Handler = main)
OUTPUT(inference_benchmark.elf elf32-littlearm)
LOAD linker stubs

.debug_info     0x00000000     0x141e
 .debug_info    0x00000000      0x1ec main.o
 .debug_info    0x000001ec     0x1232 inference.o

.debug_abbrev   0x00000000      0x2f3
 .debug_abbrev  0x00000000      0x10a main.o
 .debug_abbrev  0x0000010a      0x1e9 inference.o

.debug_loclists
                0x00000000      0x1f8
 .debug_loclists
                0x00000000       0x7b main.o
 .debug_loclists
                0x0000007b      0x17d inference.o

.debug_aranges  0x00000000       0x50
 .debug_aranges
                0x00000000       0x20 main.o
 .debug_aranges
                0x00000020       0x30 inference.o

.debug_rnglists
                0x00000000       0x85
 .debug_rnglists
                0x00000000       0x23 main.o
 .debug_rnglists
                0x00000023       0x62 inference.o

.debug_line     0x00000000      0x43d
 .debug_line    0x00000000      0x1bb main.o
 .debug_line    0x000001bb      0x282 inference.o

.debug_str      0x00000000      0x5bc
 .debug_str     0x00000000      0x5bc main.o
                                0x20e (size before relaxing)
 .debug_str     0x000005bc        0x0 inference.o
                                0x5ab (size before relaxing)

.comment        0x00000000       0x12
 .comment       0x00000000       0x12 main.o
                                 0x13 (size before relaxing)
 .comment       0x00000012        0x0 inference.o
                                 0x13 (size before relaxing)

.ARM.attributes
                0x00000000       0x34
 .ARM.attributes
                0x00000000       0x34 main.o
 .ARM.attributes
                0x00000034       0x34 inference.o

.debug_frame    0x00000000       0x98
 .debug_frame   0x00000000       0x38 main.o
 .debug_frame   0x00000038       0x60 inference.o
