
Discarded input sections

 .text          0x00000000        0x0 main.o
 .data          0x00000000        0x0 main.o
 .bss           0x00000000        0x0 main.o
 .text          0x00000000        0x0 inference.o
 .data          0x00000000        0x0 inference.o
 .bss           0x00000000        0x0 inference.o
 .text.tree_predict
                0x00000000       0x3c inference.o
 .text.benchmark_inference
                0x00000000       0x38 inference.o

Memory Configuration

Name             Origin             Length             Attributes
FLASH            0x00000000         0x00100000         xr
RAM              0x20000000         0x00040000         xrw
*default*        0x00000000         0xffffffff

Linker script and memory map

LOAD /opt/homebrew/Cellar/arm-none-eabi-gcc/15.2.0/lib/gcc/arm-none-eabi/15.2.0/thumb/v7e-m+fp/hard/libgcc.a
LOAD main.o
LOAD inference.o

.text           0x00000000    0x914b0
 *(.isr_vector)
 *(.text*)
 .text.startup.main
                0x00000000       0xb4 main.o
                0x00000000                main
 .text.ensemble_predict
                0x000000b4       0xac inference.o
                0x000000b4                ensemble_predict
 *(.rodata*)
 .rodata.test_features
                0x00000160      0x140 main.o
 .rodata.all_trees
                0x000002a0      0x190 inference.o
 .rodata.tree_99
                0x00000430     0x19ec inference.o
 .rodata.tree_98
                0x00001e1c     0x1bfc inference.o
 .rodata.tree_97
                0x00003a18     0x1494 inference.o
 .rodata.tree_96
                0x00004eac     0x174c inference.o
 .rodata.tree_95
                0x000065f8     0x1cbc inference.o
 .rodata.tree_94
                0x000082b4     0x2424 inference.o
 .rodata.tree_93
                0x0000a6d8     0x1884 inference.o
 .rodata.tree_92
                0x0000bf5c     0x1ca4 inference.o
 .rodata.tree_91
                0x0000dc00     0x171c inference.o
 .rodata.tree_90
                0x0000f31c     0x1f2c inference.o
 .rodata.tree_89
                0x00011248     0x117c inference.o
 .rodata.tree_88
                0x000123c4     0x1c14 inference.o
 .rodata.tree_87
                0x00013fd8      0xf54 inference.o
 .rodata.tree_86
                0x00014f2c      0xe64 inference.o
 .rodata.tree_85
                0x00015d90     0x1df4 inference.o
 .rodata.tree_84
                0x00017b84      0xf0c inference.o
 .rodata.tree_83
                0x00018a90     0x225c inference.o
 .rodata.tree_82
                0x0001acec      0xfb4 inference.o
 .rodata.tree_81
                0x0001bca0     0x1254 inference.o
 .rodata.tree_80
                0x0001cef4     0x1b0c inference.o
 .rodata.tree_79
                0x0001ea00     0x195c inference.o
 .rodata.tree_78
                0x0002035c     0x147c inference.o
 .rodata.tree_77
                0x000217d8     0x171c inference.o
 .rodata.tree_76
                0x00022ef4     0x1a04 inference.o
 .rodata.tree_75
                0x000248f8     0x1ee4 inference.o
 .rodata.tree_74
                0x000267dc     0x1b84 inference.o
 .rodata.tree_73
                0x00028360     0x1284 inference.o
 .rodata.tree_72
                0x000295e4     0x1af4 inference.o
 .rodata.tree_71
                0x0002b0d8     0x1d4c inference.o
 .rodata.tree_70
                0x0002ce24     0x15cc inference.o
 .rodata.tree_69
                0x0002e3f0     0x1524 inference.o
 .rodata.tree_68
                0x0002f914     0x207c inference.o
 .rodata.tree_67
                0x00031990     0x153c inference.o
 .rodata.tree_66
                0x00032ecc     0x1404 inference.o
 .rodata.tree_65
                0x000342d0     0x19ec inference.o
 .rodata.tree_64
                0x00035cbc      0xffc inference.o
 .rodata.tree_63
                0x00036cb8     0x156c inference.o
 .rodata.tree_62
                0x00038224     0x144c inference.o
 .rodata.tree_61
                0x00039670     0x1794 inference.o
 .rodata.tree_60
                0x0003ae04     0x1d04 inference.o
 .rodata.tree_59
                0x0003cb08     0x18e4 inference.o
 .rodata.tree_58
                0x0003e3ec     0x14c4 inference.o
 .rodata.tree_57
                0x0003f8b0     0x1404 inference.o
 .rodata.tree_56
                0x00040cb4     0x1584 inference.o
 .rodata.tree_55
                0x00042238     0x17ac inference.o
 .rodata.tree_54
                0x000439e4     0x162c inference.o
 .rodata.tree_53
                0x00045010     0x17ac inference.o
 .rodata.tree_52
                0x000467bc     0x1b54 inference.o
 .rodata.tree_51
                0x00048310     0x17ac inference.o
 .rodata.tree_50
                0x00049abc     0x1c44 inference.o
 .rodata.tree_49
                0x0004b700     0x1cec inference.o
 .rodata.tree_48
                0x0004d3ec     0x1c2c inference.o
 .rodata.tree_47
                0x0004f018     0x165c inference.o
 .rodata.tree_46
                0x00050674     0x1ecc inference.o
 .rodata.tree_45
                0x00052540     0x174c inference.o
 .rodata.tree_44
                0x00053c8c     0x16ec inference.o
 .rodata.tree_43
                0x00055378     0x1494 inference.o
 .rodata.tree_42
                0x0005680c     0x120c inference.o
 .rodata.tree_41
                0x00057a18      0xd5c inference.o
 .rodata.tree_40
                0x00058774     0x192c inference.o
 .rodata.tree_39
                0x0005a0a0      0xc9c inference.o
 .rodata.tree_38
                0x0005ad3c     0x1044 inference.o
 .rodata.tree_37
                0x0005bd80     0x1764 inference.o
 .rodata.tree_36
                0x0005d4e4      0x90c inference.o
 .rodata.tree_35
                0x0005ddf0     0x12b4 inference.o
 .rodata.tree_34
                0x0005f0a4     0x12b4 inference.o
 .rodata.tree_33
                0x00060358     0x1a1c inference.o
 .rodata.tree_32
                0x00061d74     0x162c inference.o
 .rodata.tree_31
                0x000633a0     0x1a34 inference.o
 .rodata.tree_30
                0x00064dd4     0x10d4 inference.o
 .rodata.tree_29
                0x00065ea8     0x162c inference.o
 .rodata.tree_28
                0x000674d4     0x1464 inference.o
 .rodata.tree_27
                0x00068938     0x1d7c inference.o
 .rodata.tree_26
                0x0006a6b4     0x16ec inference.o
 .rodata.tree_25
                0x0006bda0     0x17ac inference.o
 .rodata.tree_24
                0x0006d54c     0x14ac inference.o
 .rodata.tree_23
                0x0006e9f8     0x1494 inference.o
 .rodata.tree_22
                0x0006fe8c     0x1914 inference.o
 .rodata.tree_21
                0x000717a0     0x20ac inference.o
 .rodata.tree_20
                0x0007384c     0x18e4 inference.o
 .rodata.tree_19
                0x00075130     0x1dc4 inference.o
 .rodata.tree_18
                0x00076ef4     0x1f44 inference.o
 .rodata.tree_17
                0x00078e38     0x16ec inference.o
 .rodata.tree_16
                0x0007a524     0x1074 inference.o
 .rodata.tree_15
                0x0007b598     0x17ac inference.o
 .rodata.tree_14
                0x0007cd44     0x1914 inference.o
 .rodata.tree_13
                0x0007e658      0xaa4 inference.o
 .rodata.tree_12
                0x0007f0fc     0x1434 inference.o
 .rodata.tree_11
                0x00080530     0x105c inference.o
 .rodata.tree_10
                0x0008158c      0xfcc inference.o
 .rodata.tree_9
                0x00082558     0x1af4 inference.o
 .rodata.tree_8
                0x0008404c     0x1a94 inference.o
 .rodata.tree_7
                0x00085ae0     0x12cc inference.o
 .rodata.tree_6
                0x00086dac     0x18b4 inference.o
 .rodata.tree_5
                0x00088660     0x1674 inference.o
 .rodata.tree_4
                0x00089cd4     0x19bc inference.o
 .rodata.tree_3
                0x0008b690     0x129c inference.o
 .rodata.tree_2
                0x0008c92c     0x11f4 inference.o
 .rodata.tree_1
                0x0008db20     0x1a1c inference.o
 .rodata.tree_0
                0x0008f53c     0x1f74 inference.o
                0x000914b0                        . = ALIGN (0x4)
                0x000914b0                        _etext = .

.glue_7         0x000914b0        0x0
 .glue_7        0x000914b0        0x0 linker stubs

.glue_7t        0x000914b0        0x0
 .glue_7t       0x000914b0        0x0 linker stubs

.vfp11_veneer   0x000914b0        0x0
 .vfp11_veneer  0x000914b0        0x0 linker stubs

.v4_bx          0x000914b0        0x0
 .v4_bx         0x000914b0        0x0 linker stubs

.iplt           0x000914b0        0x0
 .iplt          0x000914b0        0x0 main.o

.rel.dyn        0x000914b0        0x0
 .rel.iplt      0x000914b0        0x0 main.o

.data           0x20000000        0x0 load address 0x000914b0
                0x20000000                        _sdata = .
 *(.data*)
                0x20000000                        . = ALIGN (0x4)
                0x20000000                        _edata = .

.igot.plt       0x20000000        0x0
 .igot.plt      0x20000000        0x0 main.o

.bss            0x20000000       0x1c
                0x20000000                        _sbss = .
 *(.bss*)
 .bss.predictions
                0x20000000        0x5 main.o
 *fill*         0x20000005        0x3 
 .bss.cycle_counts
                0x20000008       0x14 main.o
 *(COMMON)
                0x2000001c                        . = ALIGN (0x4)
                0x2000001c                        _ebss = .
                0x20040000                        _estack = (ORIGIN (RAM) + LENGTH (RAM))
                0x00000000                        PROVIDE (Reset_Handler = main)
OUTPUT(inference_benchmark.elf elf32-littlearm)
LOAD linker stubs

.debug_info     0x00000000     0x1432
 .debug_info    0x00000000      0x1ec main.o
 .debug_info    0x000001ec     0x1246 inference.o

.debug_abbrev   0x00000000      0x2f3
 .debug_abbrev  0x00000000      0x10a main.o
 .debug_abbrev  0x0000010a      0x1e9 inference.o

.debug_loclists
                0x00000000      0x1f8
 .debug_loclists
                0x00000000       0x7b main.o
 .debug_loclists
                0x0000007b      0x17d inference.o

.debug_aranges  0x00000000       0x50
 .debug_aranges
                0x00000000       0x20 main.o
 .debug_aranges
                0x00000020       0x30 inference.o

.debug_rnglists
                0x00000000       0x85
 .debug_rnglists
                0x00000000       0x23 main.o
 .debug_rnglists
                0x00000023       0x62 inference.o

.debug_line     0x00000000      0x43d
 .debug_line    0x00000000      0x1bb main.o
 .debug_line    0x000001bb      0x282 inference.o

.debug_str      0x00000000      0x5ba
 .debug_str     0x00000000      0x5ba main.o
                                0x20c (size before relaxing)
 .debug_str     0x000005ba        0x0 inference.o
                                0x5a9 (size before relaxing)

.comment        0x00000000       0x12
 .comment       0x00000000       0x12 main.o
                                 0x13 (size before relaxing)
 .comment       0x00000012        0x0 inference.o
                                 0x13 (size before relaxing)

.ARM.attributes
                0x00000000       0x34
 .ARM.attributes
                0x00000000       0x34 main.o
 .ARM.attributes
                0x00000034       0x34 inference.o

.debug_frame    0x00000000       0x98
 .debug_frame   0x00000000       0x38 main.o
 .debug_frame   0x00000038       0x60 inference.o
