
Discarded input sections

 .text          0x00000000        0x0 main.o
 .data          0x00000000        0x0 main.o
 .bss           0x00000000        0x0 main.o
 .text          0x00000000        0x0 inference.o
 .data          0x00000000        0x0 inference.o
 .bss           0x00000000        0x0 inference.o
 .text.tree_predict
                0x00000000       0x3c inference.o
 .text.benchmark_inference
                0x00000000       0x38 inference.o

Memory Configuration

Name             Origin             Length             Attributes
FLASH            0x00000000         0x00100000         xr
RAM              0x20000000         0x00040000         xrw
*default*        0x00000000         0xffffffff

Linker script and memory map

LOAD /opt/homebrew/Cellar/arm-none-eabi-gcc/15.2.0/lib/gcc/arm-none-eabi/15.2.0/thumb/v7e-m+fp/hard/libgcc.a
LOAD main.o
LOAD inference.o

.text           0x00000000    0x8ed24
 *(.isr_vector)
 *(.text*)
 .text.startup.main
                0x00000000       0xb4 main.o
                0x00000000                main
 .text.ensemble_predict
                0x000000b4       0xcc inference.o
                0x000000b4                ensemble_predict
 *(.rodata*)
 .rodata.test_features
                0x00000180      0x140 main.o
 .rodata.tree_class
                0x000002c0       0x32 inference.o
 *fill*         0x000002f2        0x2 
 .rodata.all_trees
                0x000002f4       0xc8 inference.o
 .rodata.tree_49
                0x000003bc     0x2d0c inference.o
 .rodata.tree_48
                0x000030c8     0x4434 inference.o
 .rodata.tree_47
                0x000074fc     0x37ec inference.o
 .rodata.tree_46
                0x0000ace8     0x3bc4 inference.o
 .rodata.tree_45
                0x0000e8ac     0x333c inference.o
 .rodata.tree_44
                0x00011be8     0x2d0c inference.o
 .rodata.tree_43
                0x000148f4     0x390c inference.o
 .rodata.tree_42
                0x00018200     0x36cc inference.o
 .rodata.tree_41
                0x0001b8cc     0x339c inference.o
 .rodata.tree_40
                0x0001ec68     0x3054 inference.o
 .rodata.tree_39
                0x00021cbc     0x2d3c inference.o
 .rodata.tree_38
                0x000249f8     0x3cb4 inference.o
 .rodata.tree_37
                0x000286ac     0x3774 inference.o
 .rodata.tree_36
                0x0002be20     0x3c24 inference.o
 .rodata.tree_35
                0x0002fa44     0x2f64 inference.o
 .rodata.tree_34
                0x000329a8     0x2b8c inference.o
 .rodata.tree_33
                0x00035534     0x37a4 inference.o
 .rodata.tree_32
                0x00038cd8     0x3804 inference.o
 .rodata.tree_31
                0x0003c4dc     0x37bc inference.o
 .rodata.tree_30
                0x0003fc98     0x2e74 inference.o
 .rodata.tree_29
                0x00042b0c     0x2814 inference.o
 .rodata.tree_28
                0x00045320     0x387c inference.o
 .rodata.tree_27
                0x00048b9c     0x393c inference.o
 .rodata.tree_26
                0x0004c4d8     0x3bf4 inference.o
 .rodata.tree_25
                0x000500cc     0x2e8c inference.o
 .rodata.tree_24
                0x00052f58     0x25d4 inference.o
 .rodata.tree_23
                0x0005552c     0x354c inference.o
 .rodata.tree_22
                0x00058a78     0x339c inference.o
 .rodata.tree_21
                0x0005be14     0x3714 inference.o
 .rodata.tree_20
                0x0005f528     0x2d9c inference.o
 .rodata.tree_19
                0x000622c4     0x2364 inference.o
 .rodata.tree_18
                0x00064628     0x2f94 inference.o
 .rodata.tree_17
                0x000675bc     0x345c inference.o
 .rodata.tree_16
                0x0006aa18     0x37d4 inference.o
 .rodata.tree_15
                0x0006e1ec     0x2d3c inference.o
 .rodata.tree_14
                0x00070f28     0x21cc inference.o
 .rodata.tree_13
                0x000730f4     0x2d54 inference.o
 .rodata.tree_12
                0x00075e48     0x3234 inference.o
 .rodata.tree_11
                0x0007907c     0x324c inference.o
 .rodata.tree_10
                0x0007c2c8     0x297c inference.o
 .rodata.tree_9
                0x0007ec44     0x18fc inference.o
 .rodata.tree_8
                0x00080540     0x267c inference.o
 .rodata.tree_7
                0x00082bbc     0x2574 inference.o
 .rodata.tree_6
                0x00085130     0x270c inference.o
 .rodata.tree_5
                0x0008783c     0x249c inference.o
 .rodata.tree_4
                0x00089cd8      0xb1c inference.o
 .rodata.tree_3
                0x0008a7f4     0x1e0c inference.o
 .rodata.tree_2
                0x0008c600     0x1044 inference.o
 .rodata.tree_1
                0x0008d644      0xb64 inference.o
 .rodata.tree_0
                0x0008e1a8      0xb7c inference.o
                0x0008ed24                        . = ALIGN (0x4)
                0x0008ed24                        _etext = .

.glue_7         0x0008ed24        0x0
 .glue_7        0x0008ed24        0x0 linker stubs

.glue_7t        0x0008ed24        0x0
 .glue_7t       0x0008ed24        0x0 linker stubs

.vfp11_veneer   0x0008ed24        0x0
 .vfp11_veneer  0x0008ed24        0x0 linker stubs

.v4_bx          0x0008ed24        0x0
 .v4_bx         0x0008ed24        0x0 linker stubs

.iplt           0x0008ed24        0x0
 .iplt          0x0008ed24        0x0 main.o

.rel.dyn        0x0008ed24        0x0
 .rel.iplt      0x0008ed24        0x0 main.o

.data           0x20000000        0x0 load address 0x0008ed24
                0x20000000                        _sdata = .
 *(.data*)
                0x20000000                        . = ALIGN (0x4)
                0x20000000                        _edata = .

.igot.plt       0x20000000        0x0
 .igot.plt      0x20000000        0x0 main.o

.bss            0x20000000       0x1c
                0x20000000                        _sbss = .
 *(.bss*)
 .bss.predictions
                0x20000000        0x5 main.o
 *fill*         0x20000005        0x3 
 .bss.cycle_counts
                0x20000008       0x14 main.o
 *(COMMON)
                0x2000001c                        . = ALIGN (0x4)
                0x2000001c                        _ebss = .
                0x20040000                        _estack = (ORIGIN (RAM) + LENGTH (RAM))
                0x00000000                        PROVIDE (Reset_Handler = main)
OUTPUT(inference_benchmark.elf elf32-littlearm)
LOAD linker stubs

.debug_info     0x00000000      0xdab
 .debug_info    0x00000000      0x1ec main.o
 .debug_info    0x000001ec      0xbbf inference.o

.debug_abbrev   0x00000000      0x302
 .debug_abbrev  0x00000000      0x10a main.o
 .debug_abbrev  0x0000010a      0x1f8 inference.o

.debug_loclists
                0x00000000      0x223
 .debug_loclists
                0x00000000       0x7b main.o
 .debug_loclists
                0x0000007b      0x1a8 inference.o

.debug_aranges  0x00000000       0x50
 .debug_aranges
                0x00000000       0x20 main.o
 .debug_aranges
                0x00000020       0x30 inference.o

.debug_rnglists
                0x00000000       0x8b
 .debug_rnglists
                0x00000000       0x23 main.o
 .debug_rnglists
                0x00000023       0x68 inference.o

.debug_line     0x00000000      0x4b1
 .debug_line    0x00000000      0x1bb main.o
 .debug_line    0x000001bb      0x2f6 inference.o

.debug_str      0x00000000      0x44a
 .debug_str     0x00000000      0x44a main.o
                                0x212 (size before relaxing)
 .debug_str     0x0000044a        0x0 inference.o
                                0x43a (size before relaxing)

.comment        0x00000000       0x12
 .comment       0x00000000       0x12 main.o
                                 0x13 (size before relaxing)
 .comment       0x00000012        0x0 inference.o
                                 0x13 (size before relaxing)

.ARM.attributes
                0x00000000       0x34
 .ARM.attributes
                0x00000000       0x34 main.o
 .ARM.attributes
                0x00000034       0x34 inference.o

.debug_frame    0x00000000       0x98
 .debug_frame   0x00000000       0x38 main.o
 .debug_frame   0x00000038       0x60 inference.o
